Copyright 1986-2022 Xilinx, Inc. All Rights Reserved. Copyright 2022-2025 Advanced Micro Devices, Inc. All Rights Reserved.
---------------------------------------------------------------------------------------------------------------------------------------------------------------------
| Tool Version : Vivado v.2025.2 (win64) Build 6299465 Fri Nov 14 19:35:11 GMT 2025
| Date         : Mon Apr 20 22:23:19 2026
| Host         : Madis_ThinkPad running 64-bit major release  (build 9200)
| Command      : report_drc -file workout_classifier_wrapper_drc_opted.rpt -pb workout_classifier_wrapper_drc_opted.pb -rpx workout_classifier_wrapper_drc_opted.rpx
| Design       : workout_classifier_wrapper
| Device       : xczu3eg-sfvc784-2-e
| Speed File   : -2
| Design State : Synthesized
---------------------------------------------------------------------------------------------------------------------------------------------------------------------

Report DRC

Table of Contents
-----------------
1. REPORT SUMMARY
2. REPORT DETAILS

1. REPORT SUMMARY
-----------------
            Netlist: netlist
          Floorplan: design_1
      Design limits: <entire design considered>
           Ruledeck: default
             Max checks: <unlimited>
             Checks found: 1
+----------+----------+---------------------------------------------------------------------+--------+
| Rule     | Severity | Description                                                         | Checks |
+----------+----------+---------------------------------------------------------------------+--------+
| AVAL-155 | Advisory | enum_AMULTSEL_BMULTSEL_enum_DREG_ADREG_0_connects_CED_CEAD_RSTD_GND | 1      |
+----------+----------+---------------------------------------------------------------------+--------+

2. REPORT DETAILS
-----------------
AVAL-155#1 Advisory
enum_AMULTSEL_BMULTSEL_enum_DREG_ADREG_0_connects_CED_CEAD_RSTD_GND  
workout_classifier_i/mlp_controller_0/inst/mlp_controller_slave_lite_v1_0_S00_AXI_inst/mlp_inst/mac_unit/mac/U0/i_synth/i_synth_option.i_synth_model/opt_8series.i_uniwrap/i_primitive: DSP48E2 is not using the D port (AMULTSEL = A and BMULTSEL = B). For improved power characteristics, set DREG and ADREG to '1', tie CED, CEAD, and RSTD to logic '0'.
Related violations: <none>


